Loading capture: data/tier_inputs/single_room/photo
Detected Tier: PHOTO (22 frames/images)
Running 3D reconstruction and semantic extraction...
/Users/anujmishra/Desktop/cozmoo/Cozmo_ass/.venv/lib/python3.11/site-packages/vggt/models/vggt.py:65: FutureWarning: `torch.cuda.amp.autocast(args...)` is deprecated. Please use `torch.amp.autocast('cuda', args...)` instead.
  with torch.cuda.amp.autocast(enabled=False):
/Users/anujmishra/Desktop/cozmoo/Cozmo_ass/.venv/lib/python3.11/site-packages/moge/model/modules/conv_stack.py:170: UserWarning: In MPS autocast, but the target dtype is not supported. Disabling autocast.
MPS Autocast only supports dtypes of torch.bfloat16, torch.float16 currently.
  torch.autocast(device_type=x.device.type, dtype=torch.float32, enabled=True)
/Users/anujmishra/Desktop/cozmoo/Cozmo_ass/.venv/lib/python3.11/site-packages/moge/model/v2.py:284: UserWarning: In MPS autocast, but the target dtype is not supported. Disabling autocast.
MPS Autocast only supports dtypes of torch.bfloat16, torch.float16 currently.
  with torch.autocast(device_type=self.device.type, dtype=torch.float32):
/Users/anujmishra/Desktop/cozmoo/Cozmo_ass/.venv/lib/python3.11/site-packages/moge/model/modules/conv_stack.py:170: UserWarning: In MPS autocast, but the target dtype is not supported. Disabling autocast.
MPS Autocast only supports dtypes of torch.bfloat16, torch.float16 currently.
  torch.autocast(device_type=x.device.type, dtype=torch.float32, enabled=True)
/Users/anujmishra/Desktop/cozmoo/Cozmo_ass/.venv/lib/python3.11/site-packages/moge/model/v2.py:284: UserWarning: In MPS autocast, but the target dtype is not supported. Disabling autocast.
MPS Autocast only supports dtypes of torch.bfloat16, torch.float16 currently.
  with torch.autocast(device_type=self.device.type, dtype=torch.float32):
/Users/anujmishra/Desktop/cozmoo/Cozmo_ass/.venv/lib/python3.11/site-packages/vggt/models/vggt.py:65: FutureWarning: `torch.cuda.amp.autocast(args...)` is deprecated. Please use `torch.amp.autocast('cuda', args...)` instead.
  with torch.cuda.amp.autocast(enabled=False):
Saved plan JSON: fixloop/round4/after/single_room_photo/plan.json
Saved run manifest: fixloop/round4/after/single_room_photo/run_manifest.json
Rendered 2D floor plan: fixloop/round4/after/single_room_photo/plan.png
               Property Plan Summary (single_room_photo)                
┏━━━━━━━━━━━━━━━┳━━━━━━━┳━━━━━━━━━━━━━━━━┳━━━━━━━━━━━━━━━━━━┳━━━━━━━━━━┓
┃ Property Area ┃ Rooms ┃ Damage Regions ┃ Scope Line Items ┃ Runtime  ┃
┡━━━━━━━━━━━━━━━╇━━━━━━━╇━━━━━━━━━━━━━━━━╇━━━━━━━━━━━━━━━━━━╇━━━━━━━━━━┩
│ 21.22 m²      │ 3     │ 0              │ 0                │ 140.73 s │
└───────────────┴───────┴────────────────┴──────────────────┴──────────┘
GATE                        SCOPE              TIER   MEASURED                  
THRESHOLD                                 STATUS
--------------------------  -----------------  -----  
----------------------------------------------------------------  
----------------------------------------  ------
footprint vs LiDAR          single_room photo  photo  21.22 m2 vs 20.34 m2 
(+4.3%)                                      within +-8%                        
PASS  
rooms reconstructed         single_room photo  photo  3/3 folders give a room   
every folder                              PASS  
wall_lengths vs LiDAR       single_room photo  photo  4/23 within (17%), median 
error 27.5%                             <= 8% on >= 85%                         
FAIL  
room_overlap                single_room photo  photo  largest overlap 0.000 m2 
(0.0% of smallest room), total 0.000 m2  no overlap above 2% of the smallest 
room  PASS  
adjacency vs LiDAR          single_room photo  photo  no connection among the 
scored rooms                              every connection found, none invented 
SKIP  
interval_coverage vs LiDAR  single_room photo  photo  3/4 intervals contain the 
LiDAR value (75%)                       >= 90%                                  
FAIL  
--------------------------  -----------------  -----  
----------------------------------------------------------------  
----------------------------------------  ------
3 pass, 2 fail, 1 not evaluated

A gate is SKIP only when the ground truth needed to judge it does not exist. It 
is
never reported as passed on that basis, and it costs its marks either way.

Written to fixloop/round4/after/single_room_photo/tiers.json
