Loading capture: data/tier_inputs/single_scan_with_ceiling/photo
Detected Tier: PHOTO (42 frames/images)
Running 3D reconstruction and semantic extraction...
/Users/anujmishra/Desktop/cozmoo/Cozmo_ass/.venv/lib/python3.11/site-packages/vggt/models/vggt.py:65: FutureWarning: `torch.cuda.amp.autocast(args...)` is deprecated. Please use `torch.amp.autocast('cuda', args...)` instead.
  with torch.cuda.amp.autocast(enabled=False):
/Users/anujmishra/Desktop/cozmoo/Cozmo_ass/.venv/lib/python3.11/site-packages/moge/model/modules/conv_stack.py:170: UserWarning: In MPS autocast, but the target dtype is not supported. Disabling autocast.
MPS Autocast only supports dtypes of torch.bfloat16, torch.float16 currently.
  torch.autocast(device_type=x.device.type, dtype=torch.float32, enabled=True)
/Users/anujmishra/Desktop/cozmoo/Cozmo_ass/.venv/lib/python3.11/site-packages/moge/model/v2.py:284: UserWarning: In MPS autocast, but the target dtype is not supported. Disabling autocast.
MPS Autocast only supports dtypes of torch.bfloat16, torch.float16 currently.
  with torch.autocast(device_type=self.device.type, dtype=torch.float32):
/Users/anujmishra/Desktop/cozmoo/Cozmo_ass/.venv/lib/python3.11/site-packages/moge/model/modules/conv_stack.py:170: UserWarning: In MPS autocast, but the target dtype is not supported. Disabling autocast.
MPS Autocast only supports dtypes of torch.bfloat16, torch.float16 currently.
  torch.autocast(device_type=x.device.type, dtype=torch.float32, enabled=True)
/Users/anujmishra/Desktop/cozmoo/Cozmo_ass/.venv/lib/python3.11/site-packages/moge/model/v2.py:284: UserWarning: In MPS autocast, but the target dtype is not supported. Disabling autocast.
MPS Autocast only supports dtypes of torch.bfloat16, torch.float16 currently.
  with torch.autocast(device_type=self.device.type, dtype=torch.float32):
/Users/anujmishra/Desktop/cozmoo/Cozmo_ass/.venv/lib/python3.11/site-packages/vggt/models/vggt.py:65: FutureWarning: `torch.cuda.amp.autocast(args...)` is deprecated. Please use `torch.amp.autocast('cuda', args...)` instead.
  with torch.cuda.amp.autocast(enabled=False):
Saved plan JSON: fixloop/round4/after/single_scan_with_ceiling_photo/plan.json
Saved run manifest: 
fixloop/round4/after/single_scan_with_ceiling_photo/run_manifest.json
Rendered 2D floor plan: 
fixloop/round4/after/single_scan_with_ceiling_photo/plan.png
         Property Plan Summary (single_scan_with_ceiling_photo)         
┏━━━━━━━━━━━━━━━┳━━━━━━━┳━━━━━━━━━━━━━━━━┳━━━━━━━━━━━━━━━━━━┳━━━━━━━━━━┓
┃ Property Area ┃ Rooms ┃ Damage Regions ┃ Scope Line Items ┃ Runtime  ┃
┡━━━━━━━━━━━━━━━╇━━━━━━━╇━━━━━━━━━━━━━━━━╇━━━━━━━━━━━━━━━━━━╇━━━━━━━━━━┩
│ 98.01 m²      │ 6     │ 0              │ 0                │ 300.02 s │
└───────────────┴───────┴────────────────┴──────────────────┴──────────┘
GATE                        SCOPE                           TIER   MEASURED     
THRESHOLD                                 STATUS
--------------------------  ------------------------------  -----  
----------------------------------------------------------------  
----------------------------------------  ------
footprint vs LiDAR          single_scan_with_ceiling photo  photo  98.01 m2 vs 
44.53 m2 (+120.1%)                                    within +-8%               
FAIL  
rooms reconstructed         single_scan_with_ceiling photo  photo  6/6 folders 
give a room                                           every folder              
PASS  
wall_lengths vs LiDAR       single_scan_with_ceiling photo  photo  4/30 within 
(13%), median error 48.7%                             <= 8% on >= 85%           
FAIL  
room_overlap                single_scan_with_ceiling photo  photo  largest 
overlap 0.000 m2 (0.0% of smallest room), total 0.000 m2  no overlap above 2% of
the smallest room  PASS  
adjacency vs LiDAR          single_scan_with_ceiling photo  photo  no connection
among the scored rooms                              every connection found, none
invented     SKIP  
interval_coverage vs LiDAR  single_scan_with_ceiling photo  photo  5/7 intervals
contain the LiDAR value (71%)                       >= 90%                      
FAIL  
--------------------------  ------------------------------  -----  
----------------------------------------------------------------  
----------------------------------------  ------
2 pass, 3 fail, 1 not evaluated

A gate is SKIP only when the ground truth needed to judge it does not exist. It 
is
never reported as passed on that basis, and it costs its marks either way.

Written to fixloop/round4/after/single_scan_with_ceiling_photo/tiers.json
