Loading capture: data/tier_inputs/single_scan_floor_only/photo
Detected Tier: PHOTO (42 frames/images)
Running 3D reconstruction and semantic extraction...
Loading weights:   0%|          | 0/287 [00:00<?, ?it/s]Loading weights: 100%|██████████| 287/287 [00:00<00:00, 10658.45it/s]
Saved plan JSON: fixloop/round4/before/single_scan_floor_only_photo/plan.json
Saved run manifest: 
fixloop/round4/before/single_scan_floor_only_photo/run_manifest.json
Rendered 2D floor plan: 
fixloop/round4/before/single_scan_floor_only_photo/plan.png
          Property Plan Summary (single_scan_floor_only_photo)          
┏━━━━━━━━━━━━━━━┳━━━━━━━┳━━━━━━━━━━━━━━━━┳━━━━━━━━━━━━━━━━━━┳━━━━━━━━━━┓
┃ Property Area ┃ Rooms ┃ Damage Regions ┃ Scope Line Items ┃ Runtime  ┃
┡━━━━━━━━━━━━━━━╇━━━━━━━╇━━━━━━━━━━━━━━━━╇━━━━━━━━━━━━━━━━━━╇━━━━━━━━━━┩
│ 77.53 m²      │ 5     │ 0              │ 0                │ 341.55 s │
└───────────────┴───────┴────────────────┴──────────────────┴──────────┘
GATE                        SCOPE                         TIER   MEASURED       
THRESHOLD                                 STATUS
--------------------------  ----------------------------  -----  
----------------------------------------------------------------  
----------------------------------------  ------
footprint vs LiDAR          single_scan_floor_only photo  photo  77.53 m2 vs 
50.82 m2 (+52.5%)                                     within +-8%               
FAIL  
rooms reconstructed         single_scan_floor_only photo  photo  5/6 folders 
give a room                                           every folder              
FAIL  
wall_lengths vs LiDAR       single_scan_floor_only photo  photo  1/41 within 
(2%), median error 49.7%                              <= 8% on >= 85%           
FAIL  
room_overlap                single_scan_floor_only photo  photo  largest overlap
0.223 m2 (3.0% of smallest room), total 0.223 m2  no overlap above 2% of the 
smallest room  FAIL  
adjacency vs LiDAR          single_scan_floor_only photo  photo  2/5 correct; 3 
missed, 2 phantom                                  every connection found, none 
invented     FAIL  
interval_coverage vs LiDAR  single_scan_floor_only photo  photo  4/6 intervals 
contain the LiDAR value (67%)                       >= 90%                      
FAIL  
--------------------------  ----------------------------  -----  
----------------------------------------------------------------  
----------------------------------------  ------
0 pass, 6 fail, 0 not evaluated

A gate is SKIP only when the ground truth needed to judge it does not exist. It 
is
never reported as passed on that basis, and it costs its marks either way.

Written to fixloop/round4/before/single_scan_floor_only_photo/tiers.json
